// Jest Snapshot v1, https://goo.gl/fbAQLP

exports[`renders without crashing 1`] = `
<div>
  <div
    class="sc-fzqMdD fuBuAJ"
  >
    <header
      class="sc-AxiKw haLAnR"
    >
      <section
        class="sc-AxhCb fmZXwX"
      >
        <a
          href="/"
        >
          TfL Checker
        </a>
      </section>
      <nav
        class="sc-AxjAm iMxqKn"
      >
        <ul
          class="sc-AxirZ cBkftF"
        >
          <li>
            <a
              aria-current="page"
              class="active"
              href="/"
            >
              Status updates
            </a>
          </li>
          <li>
            <a
              href="/trip-planner"
            >
              Plan a journey
            </a>
          </li>
        </ul>
      </nav>
    </header>
    <main
      class="sc-fzqAui kdCRTf"
    >
      <div
        class="sc-fznyAO dEIstO"
      />
    </main>
    <footer
      class="sc-AxhUy cyseKh"
    >
      <section
        class="sc-AxgMl bWmTSR"
      >
        <a
          href="/"
        >
          TfL Checker
        </a>
      </section>
      <section
        class="sc-AxheI ghZMUJ"
      >
        <div
          class="sc-Axmtr gooHpQ"
        >
          <span>
            This website was built using
          </span>
          <span>
            React
          </span>
        </div>
        <div
          class="sc-AxmLO iZUaIX"
        >
          <span>
            I also made versions using
          </span>
          <ul>
            <li>
              Vanilla JavaScript (no framework)
            </li>
            <li>
              Angular
            </li>
            <li>
              Vue
            </li>
            <li>
              Svelte
            </li>
            <li>
              AngularJS
            </li>
            <li>
              BackboneJS
            </li>
          </ul>
        </div>
      </section>
      <section
        class="sc-fzozJi kuavcF"
      >
        <div>
          © TfL Checker. All rights reserved.
        </div>
        <div>
          Made with 
          <span>
            ♡
          </span>
           in 
          <span>
            South London
          </span>
        </div>
      </section>
    </footer>
  </div>
</div>
`;
