// Jest Snapshot v1, https://goo.gl/fbAQLP

exports[`renders without crashing 1`] = `
<div>
  <header
    class="sc-AxiKw haLAnR"
  >
    <section
      class="sc-AxhCb fZhQsp"
    >
      <a
        href="/"
      >
        TfL Checker
      </a>
    </section>
    <nav
      class="sc-AxjAm iMxqKn"
    >
      <ul
        class="sc-AxirZ cBkftF"
      >
        <li>
          <a
            aria-current="page"
            class="active"
            href="/"
          >
            Status updates
          </a>
        </li>
        <li>
          <a
            href="/trip-planner"
          >
            Plan a journey
          </a>
        </li>
      </ul>
    </nav>
  </header>
</div>
`;
