// Jest Snapshot v1, https://goo.gl/fbAQLP

exports[`renders without crashing 1`] = `
<div>
  <div
    class="sc-fznyAO jRcAa-d"
  >
    <section
      class="sc-fznKkj eKRcEp"
    >
      <span
        class="sc-fznZeY dCAZEX"
      >
        Let's take a trip!
      </span>
      <div
        class="sc-fzokOt hJESQm"
      >
        <span
          class="sc-fzqNJr foHdED"
        >
          <svg
            class="svg-inline--fa fad-circle fa-2x"
            color="var(--color-green)"
          />
          <span
            class="sc-fzoyAV gSsZGr"
          />
          <svg
            class="svg-inline--fa fad-circle fa-2x"
            color="var(--color-background)"
          />
        </span>
        <form>
          <div
            class="sc-fzqBZW iDwreF"
          >
            <label
              for="fromAddress"
            >
              From
            </label>
             
            <input
              aria-autocomplete="list"
              aria-expanded="false"
              autocomplete="off"
              class="sc-AxjAm hhXapv"
              placeholder="Where are you coming from?"
              role="combobox"
              type="text"
              value=""
            />
            <div
              class="sc-AxiKw jAmDvQ"
            >
              <div
                class="sc-AxgMl jGFEmy"
              >
                <div
                  class="sc-AxhUy ixiydF"
                >
                  Places by 
                  <strong>
                    Google
                  </strong>
                </div>
              </div>
            </div>
          </div>
          <hr />
          <div
            class="sc-fzqBZW iDwreF"
          >
            <label
              for="toAddress"
            >
              To
            </label>
            <input
              aria-autocomplete="list"
              aria-expanded="false"
              autocomplete="off"
              class="sc-AxjAm hhXapv"
              placeholder="Where are you going to?"
              role="combobox"
              type="text"
              value=""
            />
            <div
              class="sc-AxiKw jAmDvQ"
            >
              <div
                class="sc-AxgMl jGFEmy"
              >
                <div
                  class="sc-AxhUy ixiydF"
                >
                  Places by 
                  <strong>
                    Google
                  </strong>
                </div>
              </div>
            </div>
          </div>
        </form>
      </div>
      <span
        class="sc-fzoLag enSKjm"
      >
        Leaving now
        <svg
          class="svg-inline--fa fad-chevron-right fa-2x"
          color="var(--color-background)"
        />
      </span>
      <button
        class="sc-fzoXzr bWBhHs"
      >
        Search
      </button>
    </section>
  </div>
</div>
`;
